// Jest Snapshot v1, https://goo.gl/fbAQLP

exports[`render genre list 1`] = `
<ul
  className="catalog__genres-list"
>
  <li
    className="catalog__genres-item"
  >
    <a
      className="catalog__genres-link"
      href="#"
    >
      first
    </a>
  </li>
  <li
    className="catalog__genres-item"
  >
    <a
      className="catalog__genres-link"
      href="#"
    >
      second
    </a>
  </li>
</ul>
`;
