// Jest Snapshot v1, https://goo.gl/fbAQLP

exports[`render genre item 1`] = `
<li
  className="catalog__genres-item"
>
  <a
    className="catalog__genres-link"
    href="#"
  >
    drama
  </a>
</li>
`;
